  dllmain.cpp
C:\Users\Josh\Desktop\SetWindowsHookEx-Injector-master\test\dllmain.cpp(22,23): warning C4244: 'return': conversion from 'LRESULT' to 'int', possible loss of data
     Creating library C:\Users\Josh\Desktop\SetWindowsHookEx-Injector-master\x64\release\bin\test.lib and object C:\Users\Josh\Desktop\SetWindowsHookEx-Injector-master\x64\release\bin\test.exp
  Generating code
  Previous IPDB not found, fall back to full compilation.
  All 2 functions were compiled because no usable IPDB/IOBJ from previous compilation was found.
  Finished generating code
  test.vcxproj -> C:\Users\Josh\Desktop\SetWindowsHookEx-Injector-master\x64\release\bin\test.dll
